// Jest Snapshot v1, https://goo.gl/fbAQLP

exports[`babel-plugin-dash/responsive responsive 1`] = `
"import {styles} from '@dash-ui/styles'
import responsive from '../../../../src/responsive'

const cls = styles({
  default: responsive({
    // display:flex;
    default: 'display: flex;',
    // \\"color:\\"+color.red+\\";\\"
    colorRed: ({color}) => \`
      color: \${color.red};
    \`,
    // \\"color:\\"+color.blue+\\";\\"
    colorBlue: ({color}) => ({
      color: color.blue,
    }),
    // \\"color:\\"+color.yellow+\\";\\"
    colorYellow: ({color}) => {
      return \`color: \${color.yellow};\`
    },
    // \\"color:\\"+color.green+\\";\\"
    colorGreen: ({color}) => {
      return {
        color: color.green,
      }
    },
    // if (IS_PROD) return \\"color:\\"+color.pink+\\";\\"
    // return \\"color:\\"+color.yellow+\\";\\"
    colorProdPink: ({color}) => {
      if (IS_PROD) {
        return \`color: \${color.pink};\`
      }
      return \`color: \${color.yellow};\`
    },
    // if (IS_PROD) return \\"color:\\"+color.lightBlue+\\";\\"
    // return \\"color:\\"+color.yellow+\\";\\"
    colorLightBlue: ({color}) => {
      if (IS_PROD) {
        return {
          color: color.lightBlue,
        }
      }
      return {
        color: color.yellow,
      }
    },
    // return \\"height:\\"+vh+\\";\\"
    vh: ({vh}) => {
      return {
        height: vh,
      }
    },
    // return \\".foo{height:\\"+vh+\\"};\\"
    vh: ({vh}) => {
      return {
        '.foo': {
          height: vh,
        },
      }
    },
  }),
})


      ↓ ↓ ↓ ↓ ↓ ↓

import { styles } from '@dash-ui/styles';
import responsive from '../../../../src/responsive';
const cls = /*#__PURE__*/styles({
  default: /*#__PURE__*/responsive({
    // display:flex;
    default: \\"display:flex;\\",
    // \\"color:\\"+color.red+\\";\\"
    colorRed: ({
      color
    }) => \\"color:\\" + color.red + \\";\\",
    // \\"color:\\"+color.blue+\\";\\"
    colorBlue: ({
      color
    }) => \\"color:\\" + (color.blue + \\";\\"),
    // \\"color:\\"+color.yellow+\\";\\"
    colorYellow: ({
      color
    }) => {
      return \\"color:\\" + color.yellow + \\";\\";
    },
    // \\"color:\\"+color.green+\\";\\"
    colorGreen: ({
      color
    }) => {
      return \\"color:\\" + (color.green + \\";\\");
    },
    // if (IS_PROD) return \\"color:\\"+color.pink+\\";\\"
    // return \\"color:\\"+color.yellow+\\";\\"
    colorProdPink: ({
      color
    }) => {
      if (IS_PROD) {
        return \\"color:\\" + color.pink + \\";\\";
      }

      return \\"color:\\" + color.yellow + \\";\\";
    },
    // if (IS_PROD) return \\"color:\\"+color.lightBlue+\\";\\"
    // return \\"color:\\"+color.yellow+\\";\\"
    colorLightBlue: ({
      color
    }) => {
      if (IS_PROD) {
        return \\"color:\\" + (color.lightBlue + \\";\\");
      }

      return \\"color:\\" + (color.yellow + \\";\\");
    },
    // return \\"height:\\"+vh+\\";\\"
    vh: ({
      vh
    }) => {
      return \\"height:\\" + (vh + \\";\\");
    },
    // return \\".foo{height:\\"+vh+\\"};\\"
    vh: ({
      vh
    }) => {
      return \\".foo{\\" + (\\"height:\\" + (vh + \\";\\") + \\"}\\");
    }
  })
});"
`;
